=== R-OFFLINE-01: Colosseum offline regression ===
Log: /mnt/c/Users/tomlocal/colloseum/infra/yocto/artifacts/offline-regression-20260531T233120Z.log
* Creating isolated environment: venv+pip...
* Installing packages in isolated environment:
  - setuptools>=68
  - wheel
* Getting build dependencies for sdist...
/tmp/build-env-gqcusvde/lib/python3.12/site-packages/setuptools/config/_apply_pyprojecttoml.py:82: SetuptoolsDeprecationWarning: `project.license` as a TOML table is deprecated
!!

        ********************************************************************************
        Please use a simple string containing a SPDX expression for `project.license`. You can also use `project.license-files`. (Both options available on setuptools>=77.0.0).

        By 2027-Feb-18, you need to update your project and remove deprecated calls
        or your builds will no longer be supported.

        See https://packaging.python.org/en/latest/guides/writing-pyproject-toml/#license for details.
        ********************************************************************************

!!
  corresp(dist, value, root_dir)
running egg_info
writing colosseum.egg-info/PKG-INFO
writing dependency_links to colosseum.egg-info/dependency_links.txt
writing entry points to colosseum.egg-info/entry_points.txt
writing requirements to colosseum.egg-info/requires.txt
writing top-level names to colosseum.egg-info/top_level.txt
reading manifest file 'colosseum.egg-info/SOURCES.txt'
adding license file 'LICENSE'
writing manifest file 'colosseum.egg-info/SOURCES.txt'
* Building sdist...
/tmp/build-env-gqcusvde/lib/python3.12/site-packages/setuptools/config/_apply_pyprojecttoml.py:82: SetuptoolsDeprecationWarning: `project.license` as a TOML table is deprecated
!!

        ********************************************************************************
        Please use a simple string containing a SPDX expression for `project.license`. You can also use `project.license-files`. (Both options available on setuptools>=77.0.0).

        By 2027-Feb-18, you need to update your project and remove deprecated calls
        or your builds will no longer be supported.

        See https://packaging.python.org/en/latest/guides/writing-pyproject-toml/#license for details.
        ********************************************************************************

!!
  corresp(dist, value, root_dir)
running sdist
running egg_info
writing colosseum.egg-info/PKG-INFO
writing dependency_links to colosseum.egg-info/dependency_links.txt
writing entry points to colosseum.egg-info/entry_points.txt
writing requirements to colosseum.egg-info/requires.txt
writing top-level names to colosseum.egg-info/top_level.txt
reading manifest file 'colosseum.egg-info/SOURCES.txt'
adding license file 'LICENSE'
writing manifest file 'colosseum.egg-info/SOURCES.txt'
running check
creating colosseum-0.3.0
creating colosseum-0.3.0/colosseum
creating colosseum-0.3.0/colosseum.egg-info
creating colosseum-0.3.0/colosseum/compat
creating colosseum-0.3.0/colosseum/config
creating colosseum-0.3.0/colosseum/database
creating colosseum-0.3.0/colosseum/decorators
creating colosseum-0.3.0/colosseum/gui
creating colosseum-0.3.0/colosseum/logging
creating colosseum-0.3.0/colosseum/output
creating colosseum-0.3.0/colosseum/plugins
creating colosseum-0.3.0/colosseum/results
creating colosseum-0.3.0/colosseum/runner
creating colosseum-0.3.0/colosseum/summary
creating colosseum-0.3.0/colosseum_equipment
creating colosseum-0.3.0/colosseum_equipment/api
creating colosseum-0.3.0/colosseum_equipment/instruments
creating colosseum-0.3.0/colosseum_equipment/instruments/dmm
creating colosseum-0.3.0/colosseum_equipment/instruments/psu
creating colosseum-0.3.0/colosseum_equipment/protocols
creating colosseum-0.3.0/colosseum_equipment/transports
creating colosseum-0.3.0/colosseum_shared
creating colosseum-0.3.0/colosseum_shared/api
creating colosseum-0.3.0/colosseum_shared/parsing
creating colosseum-0.3.0/colosseum_shared/regex
creating colosseum-0.3.0/colosseum_shared/ssh
copying files to colosseum-0.3.0...
copying LICENSE -> colosseum-0.3.0
copying README.md -> colosseum-0.3.0
copying pyproject.toml -> colosseum-0.3.0
copying colosseum/__init__.py -> colosseum-0.3.0/colosseum
copying colosseum/context.py -> colosseum-0.3.0/colosseum
copying colosseum/docgen_entry.py -> colosseum-0.3.0/colosseum
copying colosseum/docgen_spec.py -> colosseum-0.3.0/colosseum
copying colosseum.egg-info/PKG-INFO -> colosseum-0.3.0/colosseum.egg-info
copying colosseum.egg-info/SOURCES.txt -> colosseum-0.3.0/colosseum.egg-info
copying colosseum.egg-info/dependency_links.txt -> colosseum-0.3.0/colosseum.egg-info
copying colosseum.egg-info/entry_points.txt -> colosseum-0.3.0/colosseum.egg-info
copying colosseum.egg-info/requires.txt -> colosseum-0.3.0/colosseum.egg-info
copying colosseum.egg-info/top_level.txt -> colosseum-0.3.0/colosseum.egg-info
copying colosseum/compat/__init__.py -> colosseum-0.3.0/colosseum/compat
copying colosseum/compat/entry_points.py -> colosseum-0.3.0/colosseum/compat
copying colosseum/config/__init__.py -> colosseum-0.3.0/colosseum/config
copying colosseum/config/loader.py -> colosseum-0.3.0/colosseum/config
copying colosseum/config/normalize.py -> colosseum-0.3.0/colosseum/config
copying colosseum/config/sections.py -> colosseum-0.3.0/colosseum/config
copying colosseum/config/validate.py -> colosseum-0.3.0/colosseum/config
copying colosseum/database/__init__.py -> colosseum-0.3.0/colosseum/database
copying colosseum/database/manager.py -> colosseum-0.3.0/colosseum/database
copying colosseum/database/read.py -> colosseum-0.3.0/colosseum/database
copying colosseum/database/read_from_path.py -> colosseum-0.3.0/colosseum/database
copying colosseum/database/records.py -> colosseum-0.3.0/colosseum/database
copying colosseum/database/schema.py -> colosseum-0.3.0/colosseum/database
copying colosseum/decorators/__init__.py -> colosseum-0.3.0/colosseum/decorators
copying colosseum/decorators/measurement.py -> colosseum-0.3.0/colosseum/decorators
copying colosseum/decorators/verification.py -> colosseum-0.3.0/colosseum/decorators
copying colosseum/gui/__init__.py -> colosseum-0.3.0/colosseum/gui
copying colosseum/gui/app.py -> colosseum-0.3.0/colosseum/gui
copying colosseum/gui/run_worker.py -> colosseum-0.3.0/colosseum/gui
copying colosseum/logging/__init__.py -> colosseum-0.3.0/colosseum/logging
copying colosseum/logging/setup.py -> colosseum-0.3.0/colosseum/logging
copying colosseum/output/__init__.py -> colosseum-0.3.0/colosseum/output
copying colosseum/output/artifacts.py -> colosseum-0.3.0/colosseum/output
copying colosseum/output/paths.py -> colosseum-0.3.0/colosseum/output
copying colosseum/output/runs.py -> colosseum-0.3.0/colosseum/output
copying colosseum/plugins/__init__.py -> colosseum-0.3.0/colosseum/plugins
copying colosseum/plugins/loader.py -> colosseum-0.3.0/colosseum/plugins
copying colosseum/plugins/namespace.py -> colosseum-0.3.0/colosseum/plugins
copying colosseum/plugins/registry.py -> colosseum-0.3.0/colosseum/plugins
copying colosseum/results/__init__.py -> colosseum-0.3.0/colosseum/results
copying colosseum/results/aggregation.py -> colosseum-0.3.0/colosseum/results
copying colosseum/results/exit_policy.py -> colosseum-0.3.0/colosseum/results
copying colosseum/runner/__init__.py -> colosseum-0.3.0/colosseum/runner
copying colosseum/runner/cli.py -> colosseum-0.3.0/colosseum/runner
copying colosseum/runner/single_test.py -> colosseum-0.3.0/colosseum/runner
copying colosseum/runner/suite.py -> colosseum-0.3.0/colosseum/runner
copying colosseum/summary/__init__.py -> colosseum-0.3.0/colosseum/summary
copying colosseum/summary/writer.py -> colosseum-0.3.0/colosseum/summary
copying colosseum_equipment/__init__.py -> colosseum-0.3.0/colosseum_equipment
copying colosseum_equipment/connections.py -> colosseum-0.3.0/colosseum_equipment
copying colosseum_equipment/docgen_entry.py -> colosseum-0.3.0/colosseum_equipment
copying colosseum_equipment/exceptions.py -> colosseum-0.3.0/colosseum_equipment
copying colosseum_equipment/api/__init__.py -> colosseum-0.3.0/colosseum_equipment/api
copying colosseum_equipment/api/dmm.py -> colosseum-0.3.0/colosseum_equipment/api
copying colosseum_equipment/api/psu.py -> colosseum-0.3.0/colosseum_equipment/api
copying colosseum_equipment/api/scpi.py -> colosseum-0.3.0/colosseum_equipment/api
copying colosseum_equipment/instruments/__init__.py -> colosseum-0.3.0/colosseum_equipment/instruments
copying colosseum_equipment/instruments/factory.py -> colosseum-0.3.0/colosseum_equipment/instruments
copying colosseum_equipment/instruments/dmm/__init__.py -> colosseum-0.3.0/colosseum_equipment/instruments/dmm
copying colosseum_equipment/instruments/dmm/generic.py -> colosseum-0.3.0/colosseum_equipment/instruments/dmm
copying colosseum_equipment/instruments/dmm/keysight_edu34450a.py -> colosseum-0.3.0/colosseum_equipment/instruments/dmm
copying colosseum_equipment/instruments/psu/__init__.py -> colosseum-0.3.0/colosseum_equipment/instruments/psu
copying colosseum_equipment/instruments/psu/generic.py -> colosseum-0.3.0/colosseum_equipment/instruments/psu
copying colosseum_equipment/instruments/psu/tdk_genesys.py -> colosseum-0.3.0/colosseum_equipment/instruments/psu
copying colosseum_equipment/protocols/__init__.py -> colosseum-0.3.0/colosseum_equipment/protocols
copying colosseum_equipment/protocols/scpi.py -> colosseum-0.3.0/colosseum_equipment/protocols
copying colosseum_equipment/transports/__init__.py -> colosseum-0.3.0/colosseum_equipment/transports
copying colosseum_equipment/transports/base.py -> colosseum-0.3.0/colosseum_equipment/transports
copying colosseum_equipment/transports/factory.py -> colosseum-0.3.0/colosseum_equipment/transports
copying colosseum_equipment/transports/serial_transport.py -> colosseum-0.3.0/colosseum_equipment/transports
copying colosseum_equipment/transports/sim.py -> colosseum-0.3.0/colosseum_equipment/transports
copying colosseum_equipment/transports/visa.py -> colosseum-0.3.0/colosseum_equipment/transports
copying colosseum_shared/__init__.py -> colosseum-0.3.0/colosseum_shared
copying colosseum_shared/connections.py -> colosseum-0.3.0/colosseum_shared
copying colosseum_shared/docgen_entry.py -> colosseum-0.3.0/colosseum_shared
copying colosseum_shared/api/__init__.py -> colosseum-0.3.0/colosseum_shared/api
copying colosseum_shared/parsing/__init__.py -> colosseum-0.3.0/colosseum_shared/parsing
copying colosseum_shared/parsing/text.py -> colosseum-0.3.0/colosseum_shared/parsing
copying colosseum_shared/regex/__init__.py -> colosseum-0.3.0/colosseum_shared/regex
copying colosseum_shared/regex/api.py -> colosseum-0.3.0/colosseum_shared/regex
copying colosseum_shared/ssh/__init__.py -> colosseum-0.3.0/colosseum_shared/ssh
copying colosseum_shared/ssh/api.py -> colosseum-0.3.0/colosseum_shared/ssh
copying colosseum_shared/ssh/client.py -> colosseum-0.3.0/colosseum_shared/ssh
copying colosseum.egg-info/SOURCES.txt -> colosseum-0.3.0/colosseum.egg-info
Writing colosseum-0.3.0/setup.cfg
Creating tar archive
removing 'colosseum-0.3.0' (and everything under it)
* Building wheel from sdist
* Creating isolated environment: venv+pip...
* Installing packages in isolated environment:
  - setuptools>=68
  - wheel
* Getting build dependencies for wheel...
/tmp/build-env-fignpmgt/lib/python3.12/site-packages/setuptools/config/_apply_pyprojecttoml.py:82: SetuptoolsDeprecationWarning: `project.license` as a TOML table is deprecated
!!

        ********************************************************************************
        Please use a simple string containing a SPDX expression for `project.license`. You can also use `project.license-files`. (Both options available on setuptools>=77.0.0).

        By 2027-Feb-18, you need to update your project and remove deprecated calls
        or your builds will no longer be supported.

        See https://packaging.python.org/en/latest/guides/writing-pyproject-toml/#license for details.
        ********************************************************************************

!!
  corresp(dist, value, root_dir)
running egg_info
writing colosseum.egg-info/PKG-INFO
writing dependency_links to colosseum.egg-info/dependency_links.txt
writing entry points to colosseum.egg-info/entry_points.txt
writing requirements to colosseum.egg-info/requires.txt
writing top-level names to colosseum.egg-info/top_level.txt
reading manifest file 'colosseum.egg-info/SOURCES.txt'
adding license file 'LICENSE'
writing manifest file 'colosseum.egg-info/SOURCES.txt'
* Building wheel...
/tmp/build-env-fignpmgt/lib/python3.12/site-packages/setuptools/config/_apply_pyprojecttoml.py:82: SetuptoolsDeprecationWarning: `project.license` as a TOML table is deprecated
!!

        ********************************************************************************
        Please use a simple string containing a SPDX expression for `project.license`. You can also use `project.license-files`. (Both options available on setuptools>=77.0.0).

        By 2027-Feb-18, you need to update your project and remove deprecated calls
        or your builds will no longer be supported.

        See https://packaging.python.org/en/latest/guides/writing-pyproject-toml/#license for details.
        ********************************************************************************

!!
  corresp(dist, value, root_dir)
running bdist_wheel
running build
running build_py
creating build/lib/colosseum_shared
copying colosseum_shared/__init__.py -> build/lib/colosseum_shared
copying colosseum_shared/docgen_entry.py -> build/lib/colosseum_shared
copying colosseum_shared/connections.py -> build/lib/colosseum_shared
creating build/lib/colosseum
copying colosseum/context.py -> build/lib/colosseum
copying colosseum/docgen_spec.py -> build/lib/colosseum
copying colosseum/__init__.py -> build/lib/colosseum
copying colosseum/docgen_entry.py -> build/lib/colosseum
creating build/lib/colosseum_equipment
copying colosseum_equipment/__init__.py -> build/lib/colosseum_equipment
copying colosseum_equipment/docgen_entry.py -> build/lib/colosseum_equipment
copying colosseum_equipment/exceptions.py -> build/lib/colosseum_equipment
copying colosseum_equipment/connections.py -> build/lib/colosseum_equipment
creating build/lib/colosseum_shared/regex
copying colosseum_shared/regex/__init__.py -> build/lib/colosseum_shared/regex
copying colosseum_shared/regex/api.py -> build/lib/colosseum_shared/regex
creating build/lib/colosseum_shared/ssh
copying colosseum_shared/ssh/__init__.py -> build/lib/colosseum_shared/ssh
copying colosseum_shared/ssh/client.py -> build/lib/colosseum_shared/ssh
copying colosseum_shared/ssh/api.py -> build/lib/colosseum_shared/ssh
creating build/lib/colosseum_shared/parsing
copying colosseum_shared/parsing/__init__.py -> build/lib/colosseum_shared/parsing
copying colosseum_shared/parsing/text.py -> build/lib/colosseum_shared/parsing
creating build/lib/colosseum_shared/api
copying colosseum_shared/api/__init__.py -> build/lib/colosseum_shared/api
creating build/lib/colosseum/runner
copying colosseum/runner/__init__.py -> build/lib/colosseum/runner
copying colosseum/runner/single_test.py -> build/lib/colosseum/runner
copying colosseum/runner/cli.py -> build/lib/colosseum/runner
copying colosseum/runner/suite.py -> build/lib/colosseum/runner
creating build/lib/colosseum/config
copying colosseum/config/__init__.py -> build/lib/colosseum/config
copying colosseum/config/validate.py -> build/lib/colosseum/config
copying colosseum/config/normalize.py -> build/lib/colosseum/config
copying colosseum/config/sections.py -> build/lib/colosseum/config
copying colosseum/config/loader.py -> build/lib/colosseum/config
creating build/lib/colosseum/decorators
copying colosseum/decorators/__init__.py -> build/lib/colosseum/decorators
copying colosseum/decorators/measurement.py -> build/lib/colosseum/decorators
copying colosseum/decorators/verification.py -> build/lib/colosseum/decorators
creating build/lib/colosseum/logging
copying colosseum/logging/__init__.py -> build/lib/colosseum/logging
copying colosseum/logging/setup.py -> build/lib/colosseum/logging
creating build/lib/colosseum/results
copying colosseum/results/exit_policy.py -> build/lib/colosseum/results
copying colosseum/results/__init__.py -> build/lib/colosseum/results
copying colosseum/results/aggregation.py -> build/lib/colosseum/results
creating build/lib/colosseum/summary
copying colosseum/summary/__init__.py -> build/lib/colosseum/summary
copying colosseum/summary/writer.py -> build/lib/colosseum/summary
creating build/lib/colosseum/compat
copying colosseum/compat/__init__.py -> build/lib/colosseum/compat
copying colosseum/compat/entry_points.py -> build/lib/colosseum/compat
creating build/lib/colosseum/plugins
copying colosseum/plugins/__init__.py -> build/lib/colosseum/plugins
copying colosseum/plugins/namespace.py -> build/lib/colosseum/plugins
copying colosseum/plugins/registry.py -> build/lib/colosseum/plugins
copying colosseum/plugins/loader.py -> build/lib/colosseum/plugins
creating build/lib/colosseum/output
copying colosseum/output/paths.py -> build/lib/colosseum/output
copying colosseum/output/__init__.py -> build/lib/colosseum/output
copying colosseum/output/artifacts.py -> build/lib/colosseum/output
copying colosseum/output/runs.py -> build/lib/colosseum/output
creating build/lib/colosseum/database
copying colosseum/database/manager.py -> build/lib/colosseum/database
copying colosseum/database/__init__.py -> build/lib/colosseum/database
copying colosseum/database/read_from_path.py -> build/lib/colosseum/database
copying colosseum/database/read.py -> build/lib/colosseum/database
copying colosseum/database/schema.py -> build/lib/colosseum/database
copying colosseum/database/records.py -> build/lib/colosseum/database
creating build/lib/colosseum/gui
copying colosseum/gui/__init__.py -> build/lib/colosseum/gui
copying colosseum/gui/run_worker.py -> build/lib/colosseum/gui
copying colosseum/gui/app.py -> build/lib/colosseum/gui
creating build/lib/colosseum_equipment/instruments
copying colosseum_equipment/instruments/__init__.py -> build/lib/colosseum_equipment/instruments
copying colosseum_equipment/instruments/factory.py -> build/lib/colosseum_equipment/instruments
creating build/lib/colosseum_equipment/transports
copying colosseum_equipment/transports/visa.py -> build/lib/colosseum_equipment/transports
copying colosseum_equipment/transports/serial_transport.py -> build/lib/colosseum_equipment/transports
copying colosseum_equipment/transports/__init__.py -> build/lib/colosseum_equipment/transports
copying colosseum_equipment/transports/sim.py -> build/lib/colosseum_equipment/transports
copying colosseum_equipment/transports/factory.py -> build/lib/colosseum_equipment/transports
copying colosseum_equipment/transports/base.py -> build/lib/colosseum_equipment/transports
creating build/lib/colosseum_equipment/protocols
copying colosseum_equipment/protocols/__init__.py -> build/lib/colosseum_equipment/protocols
copying colosseum_equipment/protocols/scpi.py -> build/lib/colosseum_equipment/protocols
creating build/lib/colosseum_equipment/api
copying colosseum_equipment/api/psu.py -> build/lib/colosseum_equipment/api
copying colosseum_equipment/api/__init__.py -> build/lib/colosseum_equipment/api
copying colosseum_equipment/api/scpi.py -> build/lib/colosseum_equipment/api
copying colosseum_equipment/api/dmm.py -> build/lib/colosseum_equipment/api
creating build/lib/colosseum_equipment/instruments/psu
copying colosseum_equipment/instruments/psu/__init__.py -> build/lib/colosseum_equipment/instruments/psu
copying colosseum_equipment/instruments/psu/generic.py -> build/lib/colosseum_equipment/instruments/psu
copying colosseum_equipment/instruments/psu/tdk_genesys.py -> build/lib/colosseum_equipment/instruments/psu
creating build/lib/colosseum_equipment/instruments/dmm
copying colosseum_equipment/instruments/dmm/__init__.py -> build/lib/colosseum_equipment/instruments/dmm
copying colosseum_equipment/instruments/dmm/generic.py -> build/lib/colosseum_equipment/instruments/dmm
copying colosseum_equipment/instruments/dmm/keysight_edu34450a.py -> build/lib/colosseum_equipment/instruments/dmm
running egg_info
writing colosseum.egg-info/PKG-INFO
writing dependency_links to colosseum.egg-info/dependency_links.txt
writing entry points to colosseum.egg-info/entry_points.txt
writing requirements to colosseum.egg-info/requires.txt
writing top-level names to colosseum.egg-info/top_level.txt
reading manifest file 'colosseum.egg-info/SOURCES.txt'
adding license file 'LICENSE'
writing manifest file 'colosseum.egg-info/SOURCES.txt'
installing to build/bdist.linux-x86_64/wheel
running install
running install_lib
creating build/bdist.linux-x86_64/wheel
creating build/bdist.linux-x86_64/wheel/colosseum_shared
copying build/lib/colosseum_shared/__init__.py -> build/bdist.linux-x86_64/wheel/./colosseum_shared
creating build/bdist.linux-x86_64/wheel/colosseum_shared/regex
copying build/lib/colosseum_shared/regex/__init__.py -> build/bdist.linux-x86_64/wheel/./colosseum_shared/regex
copying build/lib/colosseum_shared/regex/api.py -> build/bdist.linux-x86_64/wheel/./colosseum_shared/regex
copying build/lib/colosseum_shared/docgen_entry.py -> build/bdist.linux-x86_64/wheel/./colosseum_shared
copying build/lib/colosseum_shared/connections.py -> build/bdist.linux-x86_64/wheel/./colosseum_shared
creating build/bdist.linux-x86_64/wheel/colosseum_shared/ssh
copying build/lib/colosseum_shared/ssh/__init__.py -> build/bdist.linux-x86_64/wheel/./colosseum_shared/ssh
copying build/lib/colosseum_shared/ssh/client.py -> build/bdist.linux-x86_64/wheel/./colosseum_shared/ssh
copying build/lib/colosseum_shared/ssh/api.py -> build/bdist.linux-x86_64/wheel/./colosseum_shared/ssh
creating build/bdist.linux-x86_64/wheel/colosseum_shared/parsing
copying build/lib/colosseum_shared/parsing/__init__.py -> build/bdist.linux-x86_64/wheel/./colosseum_shared/parsing
copying build/lib/colosseum_shared/parsing/text.py -> build/bdist.linux-x86_64/wheel/./colosseum_shared/parsing
creating build/bdist.linux-x86_64/wheel/colosseum_shared/api
copying build/lib/colosseum_shared/api/__init__.py -> build/bdist.linux-x86_64/wheel/./colosseum_shared/api
creating build/bdist.linux-x86_64/wheel/colosseum
creating build/bdist.linux-x86_64/wheel/colosseum/runner
copying build/lib/colosseum/runner/__init__.py -> build/bdist.linux-x86_64/wheel/./colosseum/runner
copying build/lib/colosseum/runner/single_test.py -> build/bdist.linux-x86_64/wheel/./colosseum/runner
copying build/lib/colosseum/runner/cli.py -> build/bdist.linux-x86_64/wheel/./colosseum/runner
copying build/lib/colosseum/runner/suite.py -> build/bdist.linux-x86_64/wheel/./colosseum/runner
copying build/lib/colosseum/context.py -> build/bdist.linux-x86_64/wheel/./colosseum
creating build/bdist.linux-x86_64/wheel/colosseum/config
copying build/lib/colosseum/config/__init__.py -> build/bdist.linux-x86_64/wheel/./colosseum/config
copying build/lib/colosseum/config/validate.py -> build/bdist.linux-x86_64/wheel/./colosseum/config
copying build/lib/colosseum/config/normalize.py -> build/bdist.linux-x86_64/wheel/./colosseum/config
copying build/lib/colosseum/config/sections.py -> build/bdist.linux-x86_64/wheel/./colosseum/config
copying build/lib/colosseum/config/loader.py -> build/bdist.linux-x86_64/wheel/./colosseum/config
creating build/bdist.linux-x86_64/wheel/colosseum/decorators
copying build/lib/colosseum/decorators/__init__.py -> build/bdist.linux-x86_64/wheel/./colosseum/decorators
copying build/lib/colosseum/decorators/measurement.py -> build/bdist.linux-x86_64/wheel/./colosseum/decorators
copying build/lib/colosseum/decorators/verification.py -> build/bdist.linux-x86_64/wheel/./colosseum/decorators
copying build/lib/colosseum/docgen_spec.py -> build/bdist.linux-x86_64/wheel/./colosseum
copying build/lib/colosseum/__init__.py -> build/bdist.linux-x86_64/wheel/./colosseum
creating build/bdist.linux-x86_64/wheel/colosseum/logging
copying build/lib/colosseum/logging/__init__.py -> build/bdist.linux-x86_64/wheel/./colosseum/logging
copying build/lib/colosseum/logging/setup.py -> build/bdist.linux-x86_64/wheel/./colosseum/logging
copying build/lib/colosseum/docgen_entry.py -> build/bdist.linux-x86_64/wheel/./colosseum
creating build/bdist.linux-x86_64/wheel/colosseum/results
copying build/lib/colosseum/results/exit_policy.py -> build/bdist.linux-x86_64/wheel/./colosseum/results
copying build/lib/colosseum/results/__init__.py -> build/bdist.linux-x86_64/wheel/./colosseum/results
copying build/lib/colosseum/results/aggregation.py -> build/bdist.linux-x86_64/wheel/./colosseum/results
creating build/bdist.linux-x86_64/wheel/colosseum/summary
copying build/lib/colosseum/summary/__init__.py -> build/bdist.linux-x86_64/wheel/./colosseum/summary
copying build/lib/colosseum/summary/writer.py -> build/bdist.linux-x86_64/wheel/./colosseum/summary
creating build/bdist.linux-x86_64/wheel/colosseum/compat
copying build/lib/colosseum/compat/__init__.py -> build/bdist.linux-x86_64/wheel/./colosseum/compat
copying build/lib/colosseum/compat/entry_points.py -> build/bdist.linux-x86_64/wheel/./colosseum/compat
creating build/bdist.linux-x86_64/wheel/colosseum/plugins
copying build/lib/colosseum/plugins/__init__.py -> build/bdist.linux-x86_64/wheel/./colosseum/plugins
copying build/lib/colosseum/plugins/namespace.py -> build/bdist.linux-x86_64/wheel/./colosseum/plugins
copying build/lib/colosseum/plugins/registry.py -> build/bdist.linux-x86_64/wheel/./colosseum/plugins
copying build/lib/colosseum/plugins/loader.py -> build/bdist.linux-x86_64/wheel/./colosseum/plugins
creating build/bdist.linux-x86_64/wheel/colosseum/output
copying build/lib/colosseum/output/paths.py -> build/bdist.linux-x86_64/wheel/./colosseum/output
copying build/lib/colosseum/output/__init__.py -> build/bdist.linux-x86_64/wheel/./colosseum/output
copying build/lib/colosseum/output/artifacts.py -> build/bdist.linux-x86_64/wheel/./colosseum/output
copying build/lib/colosseum/output/runs.py -> build/bdist.linux-x86_64/wheel/./colosseum/output
creating build/bdist.linux-x86_64/wheel/colosseum/database
copying build/lib/colosseum/database/manager.py -> build/bdist.linux-x86_64/wheel/./colosseum/database
copying build/lib/colosseum/database/__init__.py -> build/bdist.linux-x86_64/wheel/./colosseum/database
copying build/lib/colosseum/database/read_from_path.py -> build/bdist.linux-x86_64/wheel/./colosseum/database
copying build/lib/colosseum/database/read.py -> build/bdist.linux-x86_64/wheel/./colosseum/database
copying build/lib/colosseum/database/schema.py -> build/bdist.linux-x86_64/wheel/./colosseum/database
copying build/lib/colosseum/database/records.py -> build/bdist.linux-x86_64/wheel/./colosseum/database
creating build/bdist.linux-x86_64/wheel/colosseum/gui
copying build/lib/colosseum/gui/__init__.py -> build/bdist.linux-x86_64/wheel/./colosseum/gui
copying build/lib/colosseum/gui/run_worker.py -> build/bdist.linux-x86_64/wheel/./colosseum/gui
copying build/lib/colosseum/gui/app.py -> build/bdist.linux-x86_64/wheel/./colosseum/gui
creating build/bdist.linux-x86_64/wheel/colosseum_equipment
creating build/bdist.linux-x86_64/wheel/colosseum_equipment/instruments
creating build/bdist.linux-x86_64/wheel/colosseum_equipment/instruments/psu
copying build/lib/colosseum_equipment/instruments/psu/__init__.py -> build/bdist.linux-x86_64/wheel/./colosseum_equipment/instruments/psu
copying build/lib/colosseum_equipment/instruments/psu/generic.py -> build/bdist.linux-x86_64/wheel/./colosseum_equipment/instruments/psu
copying build/lib/colosseum_equipment/instruments/psu/tdk_genesys.py -> build/bdist.linux-x86_64/wheel/./colosseum_equipment/instruments/psu
copying build/lib/colosseum_equipment/instruments/__init__.py -> build/bdist.linux-x86_64/wheel/./colosseum_equipment/instruments
creating build/bdist.linux-x86_64/wheel/colosseum_equipment/instruments/dmm
copying build/lib/colosseum_equipment/instruments/dmm/__init__.py -> build/bdist.linux-x86_64/wheel/./colosseum_equipment/instruments/dmm
copying build/lib/colosseum_equipment/instruments/dmm/generic.py -> build/bdist.linux-x86_64/wheel/./colosseum_equipment/instruments/dmm
copying build/lib/colosseum_equipment/instruments/dmm/keysight_edu34450a.py -> build/bdist.linux-x86_64/wheel/./colosseum_equipment/instruments/dmm
copying build/lib/colosseum_equipment/instruments/factory.py -> build/bdist.linux-x86_64/wheel/./colosseum_equipment/instruments
copying build/lib/colosseum_equipment/__init__.py -> build/bdist.linux-x86_64/wheel/./colosseum_equipment
creating build/bdist.linux-x86_64/wheel/colosseum_equipment/transports
copying build/lib/colosseum_equipment/transports/visa.py -> build/bdist.linux-x86_64/wheel/./colosseum_equipment/transports
copying build/lib/colosseum_equipment/transports/serial_transport.py -> build/bdist.linux-x86_64/wheel/./colosseum_equipment/transports
copying build/lib/colosseum_equipment/transports/__init__.py -> build/bdist.linux-x86_64/wheel/./colosseum_equipment/transports
copying build/lib/colosseum_equipment/transports/sim.py -> build/bdist.linux-x86_64/wheel/./colosseum_equipment/transports
copying build/lib/colosseum_equipment/transports/factory.py -> build/bdist.linux-x86_64/wheel/./colosseum_equipment/transports
copying build/lib/colosseum_equipment/transports/base.py -> build/bdist.linux-x86_64/wheel/./colosseum_equipment/transports
copying build/lib/colosseum_equipment/docgen_entry.py -> build/bdist.linux-x86_64/wheel/./colosseum_equipment
copying build/lib/colosseum_equipment/exceptions.py -> build/bdist.linux-x86_64/wheel/./colosseum_equipment
copying build/lib/colosseum_equipment/connections.py -> build/bdist.linux-x86_64/wheel/./colosseum_equipment
creating build/bdist.linux-x86_64/wheel/colosseum_equipment/protocols
copying build/lib/colosseum_equipment/protocols/__init__.py -> build/bdist.linux-x86_64/wheel/./colosseum_equipment/protocols
copying build/lib/colosseum_equipment/protocols/scpi.py -> build/bdist.linux-x86_64/wheel/./colosseum_equipment/protocols
creating build/bdist.linux-x86_64/wheel/colosseum_equipment/api
copying build/lib/colosseum_equipment/api/psu.py -> build/bdist.linux-x86_64/wheel/./colosseum_equipment/api
copying build/lib/colosseum_equipment/api/__init__.py -> build/bdist.linux-x86_64/wheel/./colosseum_equipment/api
copying build/lib/colosseum_equipment/api/scpi.py -> build/bdist.linux-x86_64/wheel/./colosseum_equipment/api
copying build/lib/colosseum_equipment/api/dmm.py -> build/bdist.linux-x86_64/wheel/./colosseum_equipment/api
running install_egg_info
Copying colosseum.egg-info to build/bdist.linux-x86_64/wheel/./colosseum-0.3.0-py3.12.egg-info
running install_scripts
creating build/bdist.linux-x86_64/wheel/colosseum-0.3.0.dist-info/WHEEL
creating '/mnt/c/Users/tomlocal/colloseum/dist/.tmp-oammzzm4/colosseum-0.3.0-py3-none-any.whl' and adding 'build/bdist.linux-x86_64/wheel' to it
adding 'colosseum/__init__.py'
adding 'colosseum/context.py'
adding 'colosseum/docgen_entry.py'
adding 'colosseum/docgen_spec.py'
adding 'colosseum/compat/__init__.py'
adding 'colosseum/compat/entry_points.py'
adding 'colosseum/config/__init__.py'
adding 'colosseum/config/loader.py'
adding 'colosseum/config/normalize.py'
adding 'colosseum/config/sections.py'
adding 'colosseum/config/validate.py'
adding 'colosseum/database/__init__.py'
adding 'colosseum/database/manager.py'
adding 'colosseum/database/read.py'
adding 'colosseum/database/read_from_path.py'
adding 'colosseum/database/records.py'
adding 'colosseum/database/schema.py'
adding 'colosseum/decorators/__init__.py'
adding 'colosseum/decorators/measurement.py'
adding 'colosseum/decorators/verification.py'
adding 'colosseum/gui/__init__.py'
adding 'colosseum/gui/app.py'
adding 'colosseum/gui/run_worker.py'
adding 'colosseum/logging/__init__.py'
adding 'colosseum/logging/setup.py'
adding 'colosseum/output/__init__.py'
adding 'colosseum/output/artifacts.py'
adding 'colosseum/output/paths.py'
adding 'colosseum/output/runs.py'
adding 'colosseum/plugins/__init__.py'
adding 'colosseum/plugins/loader.py'
adding 'colosseum/plugins/namespace.py'
adding 'colosseum/plugins/registry.py'
adding 'colosseum/results/__init__.py'
adding 'colosseum/results/aggregation.py'
adding 'colosseum/results/exit_policy.py'
adding 'colosseum/runner/__init__.py'
adding 'colosseum/runner/cli.py'
adding 'colosseum/runner/single_test.py'
adding 'colosseum/runner/suite.py'
adding 'colosseum/summary/__init__.py'
adding 'colosseum/summary/writer.py'
adding 'colosseum-0.3.0.dist-info/licenses/LICENSE'
adding 'colosseum_equipment/__init__.py'
adding 'colosseum_equipment/connections.py'
adding 'colosseum_equipment/docgen_entry.py'
adding 'colosseum_equipment/exceptions.py'
adding 'colosseum_equipment/api/__init__.py'
adding 'colosseum_equipment/api/dmm.py'
adding 'colosseum_equipment/api/psu.py'
adding 'colosseum_equipment/api/scpi.py'
adding 'colosseum_equipment/instruments/__init__.py'
adding 'colosseum_equipment/instruments/factory.py'
adding 'colosseum_equipment/instruments/dmm/__init__.py'
adding 'colosseum_equipment/instruments/dmm/generic.py'
adding 'colosseum_equipment/instruments/dmm/keysight_edu34450a.py'
adding 'colosseum_equipment/instruments/psu/__init__.py'
adding 'colosseum_equipment/instruments/psu/generic.py'
adding 'colosseum_equipment/instruments/psu/tdk_genesys.py'
adding 'colosseum_equipment/protocols/__init__.py'
adding 'colosseum_equipment/protocols/scpi.py'
adding 'colosseum_equipment/transports/__init__.py'
adding 'colosseum_equipment/transports/base.py'
adding 'colosseum_equipment/transports/factory.py'
adding 'colosseum_equipment/transports/serial_transport.py'
adding 'colosseum_equipment/transports/sim.py'
adding 'colosseum_equipment/transports/visa.py'
adding 'colosseum_shared/__init__.py'
adding 'colosseum_shared/connections.py'
adding 'colosseum_shared/docgen_entry.py'
adding 'colosseum_shared/api/__init__.py'
adding 'colosseum_shared/parsing/__init__.py'
adding 'colosseum_shared/parsing/text.py'
adding 'colosseum_shared/regex/__init__.py'
adding 'colosseum_shared/regex/api.py'
adding 'colosseum_shared/ssh/__init__.py'
adding 'colosseum_shared/ssh/api.py'
adding 'colosseum_shared/ssh/client.py'
adding 'colosseum-0.3.0.dist-info/METADATA'
adding 'colosseum-0.3.0.dist-info/WHEEL'
adding 'colosseum-0.3.0.dist-info/entry_points.txt'
adding 'colosseum-0.3.0.dist-info/top_level.txt'
adding 'colosseum-0.3.0.dist-info/RECORD'
removing build/bdist.linux-x86_64/wheel
Successfully built colosseum-0.3.0.tar.gz and colosseum-0.3.0-py3-none-any.whl
Processing ./dist/colosseum-0.3.0-py3-none-any.whl
Collecting pyvisa>=1.15 (from colosseum==0.3.0)
  Using cached pyvisa-1.16.2-py3-none-any.whl.metadata (7.2 kB)
Collecting pyserial (from colosseum==0.3.0)
  Using cached pyserial-3.5-py2.py3-none-any.whl.metadata (1.6 kB)
Collecting paramiko (from colosseum==0.3.0)
  Using cached paramiko-5.0.0-py3-none-any.whl.metadata (3.7 kB)
Collecting customtkinter>=5.2 (from colosseum==0.3.0)
  Using cached customtkinter-5.2.2-py3-none-any.whl.metadata (677 bytes)
Collecting pyvisa-sim<0.8,>=0.7 (from colosseum==0.3.0)
  Using cached pyvisa_sim-0.7.1-py3-none-any.whl.metadata (5.7 kB)
Collecting PyYAML (from pyvisa-sim<0.8,>=0.7->colosseum==0.3.0)
  Using cached pyyaml-6.0.3-cp310-cp310-manylinux2014_x86_64.manylinux_2_17_x86_64.manylinux_2_28_x86_64.whl.metadata (2.4 kB)
Collecting stringparser (from pyvisa-sim<0.8,>=0.7->colosseum==0.3.0)
  Using cached stringparser-0.7-py3-none-any.whl.metadata (4.0 kB)
Collecting typing-extensions (from pyvisa-sim<0.8,>=0.7->colosseum==0.3.0)
  Using cached typing_extensions-4.15.0-py3-none-any.whl.metadata (3.3 kB)
Collecting darkdetect (from customtkinter>=5.2->colosseum==0.3.0)
  Using cached darkdetect-0.8.0-py3-none-any.whl.metadata (3.6 kB)
Collecting packaging (from customtkinter>=5.2->colosseum==0.3.0)
  Using cached packaging-26.2-py3-none-any.whl.metadata (3.5 kB)
Collecting bcrypt>=3.2 (from paramiko->colosseum==0.3.0)
  Using cached bcrypt-5.0.0-cp39-abi3-manylinux2014_x86_64.manylinux_2_17_x86_64.whl.metadata (10 kB)
Collecting cryptography>=3.3 (from paramiko->colosseum==0.3.0)
  Using cached cryptography-48.0.0-cp39-abi3-manylinux2014_x86_64.manylinux_2_17_x86_64.whl.metadata (4.3 kB)
Collecting invoke>=2.0 (from paramiko->colosseum==0.3.0)
  Using cached invoke-3.0.3-py3-none-any.whl.metadata (3.2 kB)
Collecting pynacl>=1.5 (from paramiko->colosseum==0.3.0)
  Using cached pynacl-1.6.2-cp38-abi3-manylinux2014_x86_64.manylinux_2_17_x86_64.whl.metadata (10.0 kB)
Collecting cffi>=2.0.0 (from cryptography>=3.3->paramiko->colosseum==0.3.0)
  Using cached cffi-2.0.0-cp310-cp310-manylinux2014_x86_64.manylinux_2_17_x86_64.whl.metadata (2.6 kB)
Collecting pycparser (from cffi>=2.0.0->cryptography>=3.3->paramiko->colosseum==0.3.0)
  Using cached pycparser-3.0-py3-none-any.whl.metadata (8.2 kB)
Using cached pyvisa_sim-0.7.1-py3-none-any.whl (35 kB)
Using cached customtkinter-5.2.2-py3-none-any.whl (296 kB)
Using cached pyvisa-1.16.2-py3-none-any.whl (181 kB)
Using cached typing_extensions-4.15.0-py3-none-any.whl (44 kB)
Using cached darkdetect-0.8.0-py3-none-any.whl (9.0 kB)
Using cached packaging-26.2-py3-none-any.whl (100 kB)
Using cached paramiko-5.0.0-py3-none-any.whl (208 kB)
Using cached bcrypt-5.0.0-cp39-abi3-manylinux2014_x86_64.manylinux_2_17_x86_64.whl (278 kB)
Using cached cryptography-48.0.0-cp39-abi3-manylinux2014_x86_64.manylinux_2_17_x86_64.whl (4.7 MB)
Using cached cffi-2.0.0-cp310-cp310-manylinux2014_x86_64.manylinux_2_17_x86_64.whl (216 kB)
Using cached invoke-3.0.3-py3-none-any.whl (160 kB)
Using cached pynacl-1.6.2-cp38-abi3-manylinux2014_x86_64.manylinux_2_17_x86_64.whl (1.4 MB)
Using cached pycparser-3.0-py3-none-any.whl (48 kB)
Using cached pyserial-3.5-py2.py3-none-any.whl (90 kB)
Using cached pyyaml-6.0.3-cp310-cp310-manylinux2014_x86_64.manylinux_2_17_x86_64.manylinux_2_28_x86_64.whl (770 kB)
Using cached stringparser-0.7-py3-none-any.whl (7.9 kB)
Saved ./wheelhouse/colosseum-0.3.0-py3-none-any.whl
Saved ./wheelhouse/pyvisa_sim-0.7.1-py3-none-any.whl
Saved ./wheelhouse/customtkinter-5.2.2-py3-none-any.whl
Saved ./wheelhouse/pyvisa-1.16.2-py3-none-any.whl
Saved ./wheelhouse/typing_extensions-4.15.0-py3-none-any.whl
Saved ./wheelhouse/darkdetect-0.8.0-py3-none-any.whl
Saved ./wheelhouse/packaging-26.2-py3-none-any.whl
Saved ./wheelhouse/paramiko-5.0.0-py3-none-any.whl
Saved ./wheelhouse/bcrypt-5.0.0-cp39-abi3-manylinux2014_x86_64.manylinux_2_17_x86_64.whl
Saved ./wheelhouse/cryptography-48.0.0-cp39-abi3-manylinux2014_x86_64.manylinux_2_17_x86_64.whl
Saved ./wheelhouse/cffi-2.0.0-cp310-cp310-manylinux2014_x86_64.manylinux_2_17_x86_64.whl
Saved ./wheelhouse/invoke-3.0.3-py3-none-any.whl
Saved ./wheelhouse/pynacl-1.6.2-cp38-abi3-manylinux2014_x86_64.manylinux_2_17_x86_64.whl
Saved ./wheelhouse/pycparser-3.0-py3-none-any.whl
Saved ./wheelhouse/pyserial-3.5-py2.py3-none-any.whl
Saved ./wheelhouse/pyyaml-6.0.3-cp310-cp310-manylinux2014_x86_64.manylinux_2_17_x86_64.manylinux_2_28_x86_64.whl
Saved ./wheelhouse/stringparser-0.7-py3-none-any.whl
Successfully downloaded colosseum pyvisa-sim customtkinter pyvisa typing-extensions darkdetect packaging paramiko bcrypt cryptography cffi invoke pynacl pycparser pyserial PyYAML stringparser
Collecting tomli
  Using cached tomli-2.4.1-py3-none-any.whl.metadata (10 kB)
Using cached tomli-2.4.1-py3-none-any.whl (14 kB)
Saved ./wheelhouse/tomli-2.4.1-py3-none-any.whl
Successfully downloaded tomli
+ /home/tomlocal/colosseum-venv/bin/python -m pip install -q build
+ /home/tomlocal/colosseum-venv/bin/python -m build /mnt/c/Users/tomlocal/colloseum
+ /home/tomlocal/colosseum-venv/bin/python -m pip download --dest /mnt/c/Users/tomlocal/colloseum/wheelhouse --python-version 3.10 --platform manylinux2014_x86_64 --only-binary=:all: /mnt/c/Users/tomlocal/colloseum/dist/colosseum-0.3.0-py3-none-any.whl
+ /home/tomlocal/colosseum-venv/bin/python -m pip download --dest /mnt/c/Users/tomlocal/colloseum/wheelhouse --python-version 3.10 --platform manylinux2014_x86_64 --only-binary=:all: tomli

Offline bundle: /mnt/c/Users/tomlocal/colloseum/colosseum-0.3.0-offline-linux-x86_64-py310.tar.gz
Staging dir:    /mnt/c/Users/tomlocal/colloseum/offline-bundle
Wheels:         /mnt/c/Users/tomlocal/colloseum/wheelhouse
Using bundle: colosseum-0.3.0-offline-linux-x86_64-py310.tar.gz
Looking in links: offline-bundle/wheels
Processing ./offline-bundle/wheels/colosseum-0.3.0-py3-none-any.whl
Processing ./offline-bundle/wheels/tomli-2.4.1-py3-none-any.whl
Processing ./offline-bundle/wheels/pyvisa-1.16.2-py3-none-any.whl
Processing ./offline-bundle/wheels/pyserial-3.5-py2.py3-none-any.whl
Processing ./offline-bundle/wheels/pyvisa_sim-0.7.1-py3-none-any.whl
Processing ./offline-bundle/wheels/customtkinter-5.2.2-py3-none-any.whl
Processing ./offline-bundle/wheels/paramiko-5.0.0-py3-none-any.whl
Processing ./offline-bundle/wheels/packaging-26.2-py3-none-any.whl
Processing ./offline-bundle/wheels/darkdetect-0.8.0-py3-none-any.whl
Processing ./offline-bundle/wheels/typing_extensions-4.15.0-py3-none-any.whl
Processing ./offline-bundle/wheels/stringparser-0.7-py3-none-any.whl
Processing ./offline-bundle/wheels/pyyaml-6.0.3-cp310-cp310-manylinux2014_x86_64.manylinux_2_17_x86_64.manylinux_2_28_x86_64.whl
Processing ./offline-bundle/wheels/pynacl-1.6.2-cp38-abi3-manylinux2014_x86_64.manylinux_2_17_x86_64.whl
Processing ./offline-bundle/wheels/invoke-3.0.3-py3-none-any.whl
Processing ./offline-bundle/wheels/cryptography-48.0.0-cp39-abi3-manylinux2014_x86_64.manylinux_2_17_x86_64.whl
Processing ./offline-bundle/wheels/bcrypt-5.0.0-cp39-abi3-manylinux2014_x86_64.manylinux_2_17_x86_64.whl
Processing ./offline-bundle/wheels/cffi-2.0.0-cp310-cp310-manylinux2014_x86_64.manylinux_2_17_x86_64.whl
Processing ./offline-bundle/wheels/pycparser-3.0-py3-none-any.whl
Installing collected packages: pyserial, typing_extensions, tomli, PyYAML, pycparser, packaging, invoke, darkdetect, bcrypt, stringparser, pyvisa, customtkinter, cffi, pyvisa-sim, pynacl, cryptography, paramiko, colosseum
Successfully installed PyYAML-6.0.3 bcrypt-5.0.0 cffi-2.0.0 colosseum-0.3.0 cryptography-48.0.0 customtkinter-5.2.2 darkdetect-0.8.0 invoke-3.0.3 packaging-26.2 paramiko-5.0.0 pycparser-3.0 pynacl-1.6.2 pyserial-3.5 pyvisa-1.16.2 pyvisa-sim-0.7.1 stringparser-0.7 tomli-2.4.1 typing_extensions-4.15.0
usage: colosseum [-h] [--gui] {run,run-suite} ...

positional arguments:
  {run,run-suite}
    run            Run a single Python test file
    run-suite      Run a suite TOML (setup, tests, teardown)

options:
  -h, --help       show this help message and exit
  --gui            Launch the desktop GUI runner
Offline install complete: /opt/colosseum-venv/bin/colosseum
=== R-OFFLINE-01 PASS ===
